output_http_with_id: |
  Error: Shocker IDs are only valid with serial API.
output_serial_with_sharecode: |
  Warning: Doing HTTP API call to resolve share code.
     Hint: Use --serial with shocker ID 1001 instead of share code, or use code 
  add to save the share code with its shocker ID.
  ┌────────────┬───────────────────────┐
  │ Name       │ Serial shocker (FAKE) │
  │ PiShock ID │ 1000                  │
  │ Shocker ID │ 1001                  │
  │ Paused     │ ▶                     │
  └────────────┴───────────────────────┘
output_serial_error: |
  Error: No PiShock found via port autodetection. (SerialAutodetectError)

                               Available serial ports                             
  ┏━━━━━━━━┳━━━━━━━━━━━┳━━━━━━━━━┳━━━━━━━━━┳━━━━━━━━━━━━┳━━━━━━━━━━━┳━━━━━━━━━━━━┓
  ┃        ┃           ┃         ┃         ┃ USB Serial ┃ USB       ┃ USB        ┃
  ┃ Device ┃ Descript… ┃ USB VID ┃ USB PID ┃ Number     ┃ Manufact… ┃ Product    ┃
  ┡━━━━━━━━╇━━━━━━━━━━━╇━━━━━━━━━╇━━━━━━━━━╇━━━━━━━━━━━━╇━━━━━━━━━━━╇━━━━━━━━━━━━┩
  └────────┴───────────┴─────────┴─────────┴────────────┴───────────┴────────────┘

  Use --port option to specify a serial port.
  Note: If you see your PiShock greyed out above, please report this as a bug: 
  https://github.com/zerario/Python-PiShock/issues/new
output_serial_port_without_serial: |
  Error: --port option only valid with --serial or serial subcommand.
output_list_serials: |2

                               Available serial ports                             
  ┏━━━━━━━━━━━┳━━━━━━━━━━━┳━━━━━━━━━┳━━━━━━━━━┳━━━━━━━━━━━┳━━━━━━━━━━━┳━━━━━━━━━━┓
  ┃           ┃           ┃         ┃         ┃ USB       ┃           ┃          ┃
  ┃           ┃           ┃         ┃         ┃ Serial    ┃ USB       ┃ USB      ┃
  ┃ Device    ┃ Descript… ┃ USB VID ┃ USB PID ┃ Number    ┃ Manufact… ┃ Product  ┃
  ┡━━━━━━━━━━━╇━━━━━━━━━━━╇━━━━━━━━━╇━━━━━━━━━╇━━━━━━━━━━━╇━━━━━━━━━━━╇━━━━━━━━━━┩
  │ /dev/tty… │ Fake      │ 0x1234  │ 0x5678  │ 12345678  │ Fake      │ Fake     │
  │           │ device    │         │         │           │ Manufact… │ Product  │
  └───────────┴───────────┴─────────┴─────────┴───────────┴───────────┴──────────┘

  Use --port option to specify a serial port.
  Note: If you see your PiShock greyed out above, please report this as a bug: 
  https://github.com/zerario/Python-PiShock/issues/new
