output_keysmash: |
  ⚡
  asdfg
output_long_keysmash: |
  ⚡⚡
  asdfg
output: |
  ⚡
output_long: |
  ⚡⚡
