output: |
  Error: This code doesn't exist. (ShareCodeNotFoundError)
