output: |
  ğŸ”—  test1  62142069AA1  1001
  ğŸ”—  test2  62142069AA2  1002
  ğŸ”—  test3  62142069AA3  1003
  âœ…  test4  62142069AA4  1004
output_force: |
  ğŸ”—  test1  62142069AA1  1001
  ğŸ”—  test2  62142069AA2  1002
  ğŸ”—  test3  62142069AA3  1003
  âœ…  test4  62142069AA4  1004
output_invalid: |
  Error: Share code 62142069ABX is not valid.
output_overwrite_yes: |
  âœ…  test1  62142069AB1  1001
  ğŸ”—  test2  62142069AA2  1002
  ğŸ”—  test3  62142069AA3  1003
output_overwrite_no: |
  Aborted.
output_overwrite_force: |
  âœ…  test1  62142069AB1  1001
  ğŸ”—  test2  62142069AA2  1002
  ğŸ”—  test3  62142069AA3  1003
output_force_empty: |
  âœ…  test4  62142069AA4  1004
output_empty: |
  âœ…  test4  62142069AA4  1004
