output: |
  🔗  test1  62142069AA1  1001
  🔗  test2  62142069AA2  1002
  🔗  test3  62142069AA3  1003
output_empty: |
  No share codes saved.
output_info_not_authorized: |
  Warning: Credentials are invalid. Skipping info.

  🔗  test1  62142069AA1  1001
  🔗  test2  62142069AA2  1002
  🔗  test3  62142069AA3  1003
output_info: |
  Warning: Shocker ID mismatch for test3: config has 1003 but API claims 1001. 
  Consider deleting and re-adding.
  Gathering info... ━━━━━━━━━━━━━━━━━━━━━━━━━━━━━━━━━━━━━━━━ 100% 0:00:00

  ┏━━━━━━━┳━━━━━━━━━┳━━━━━━━━━┳━━━━━━━━━━┳━━━━━━━━━┳━━━━━━━━┳━━━━━━━━━━┳━━━━━━━━━┓
  ┃       ┃ Share   ┃ Shocker ┃ PiShock  ┃ Shocker ┃        ┃ Max      ┃ Max     ┃
  ┃ Name  ┃ code    ┃ Name    ┃ ID       ┃ ID      ┃ Paused ┃ intensi… ┃ durati… ┃
  ┡━━━━━━━╇━━━━━━━━━╇━━━━━━━━━╇━━━━━━━━━━╇━━━━━━━━━╇━━━━━━━━╇━━━━━━━━━━╇━━━━━━━━━┩
  │ test1 │ 621420… │ test    │ 1000     │ 1001    │ ▶      │ 100%     │ 15s     │
  │       │         │ shocker │          │         │        │          │         │
  │ test2 │ 621420… │ This    │          │         │        │          │         │
  │       │         │ code    │          │         │        │          │         │
  │       │         │ doesn't │          │         │        │          │         │
  │       │         │ exist.  │          │         │        │          │         │
  │ test3 │ 621420… │ test    │ 1000     │ 1001    │ ▶      │ 100%     │ 15s     │
  │       │         │ shocker │          │         │        │          │         │
  └───────┴─────────┴─────────┴──────────┴─────────┴────────┴──────────┴─────────┘
