output_ok: |
  ğŸ”—  test2  62142069AA2
  ğŸ”—  test3  62142069AA3
  âœ…  test4  62142069AA1
output_exists-overwrite: |
  ğŸ”—  test2  62142069AA2
  âœ…  test3  62142069AA1
output_exists-force: |
  ğŸ”—  test2  62142069AA2
  âœ…  test3  62142069AA1
output_exists-abort: ''
output_same: |
  Error: New name is the same as the old name.
output_not_found: |
  Error: Name test4 not found.
