output: |
  Error: Not Authorized. (NotAuthorizedError)
