output: |
  ┌─────────────────┬──────────────┐
  │ Name            │ test shocker │
  │ PiShock ID      │ 1000         │
  │ Shocker ID      │ 1001         │
  │ Online / Paused │ ❌ ⏸         │
  │ Max intensity   │ 100          │
  │ Max duration    │ 15           │
  └─────────────────┴──────────────┘
