output_vibrate_-1_2: |
  Usage: main vibrate [OPTIONS] SHARE_CODE
  Try 'main vibrate --help' for help.
  ╭─ Error ───────────────────────────────────────────────────────────────────────────────────────────────────────────────────────────────────────────────────────────────────────────────────────────────────────────────────────────────────╮
  │ Invalid value for '-d' / '--duration': -1.0 is not in the range 0<=x<=15.                                                                                                                                                                 │
  ╰───────────────────────────────────────────────────────────────────────────────────────────────────────────────────────────────────────────────────────────────────────────────────────────────────────────────────────────────────────────╯
output_vibrate_a_2: |
  Usage: main vibrate [OPTIONS] SHARE_CODE
  Try 'main vibrate --help' for help.
  ╭─ Error ───────────────────────────────────────────────────────────────────────────────────────────────────────────────────────────────────────────────────────────────────────────────────────────────────────────────────────────────────╮
  │ Invalid value for '-d' / '--duration': 'a' is not a valid float range.                                                                                                                                                                    │
  ╰───────────────────────────────────────────────────────────────────────────────────────────────────────────────────────────────────────────────────────────────────────────────────────────────────────────────────────────────────────────╯
output_vibrate_16_2: |
  Usage: main vibrate [OPTIONS] SHARE_CODE
  Try 'main vibrate --help' for help.
  ╭─ Error ───────────────────────────────────────────────────────────────────────────────────────────────────────────────────────────────────────────────────────────────────────────────────────────────────────────────────────────────────╮
  │ Invalid value for '-d' / '--duration': 16.0 is not in the range 0<=x<=15.                                                                                                                                                                 │
  ╰───────────────────────────────────────────────────────────────────────────────────────────────────────────────────────────────────────────────────────────────────────────────────────────────────────────────────────────────────────────╯
output_vibrate_0.05_2: |
  Error: float duration needs to be between 0.1 and 1.5, not 0.05 (ValueError)
output_vibrate_1_-1: |
  Usage: main vibrate [OPTIONS] SHARE_CODE
  Try 'main vibrate --help' for help.
  ╭─ Error ───────────────────────────────────────────────────────────────────────────────────────────────────────────────────────────────────────────────────────────────────────────────────────────────────────────────────────────────────╮
  │ Invalid value for '-i' / '--intensity': -1 is not in the range 0<=x<=100.                                                                                                                                                                 │
  ╰───────────────────────────────────────────────────────────────────────────────────────────────────────────────────────────────────────────────────────────────────────────────────────────────────────────────────────────────────────────╯
output_vibrate_1_101: |
  Usage: main vibrate [OPTIONS] SHARE_CODE
  Try 'main vibrate --help' for help.
  ╭─ Error ───────────────────────────────────────────────────────────────────────────────────────────────────────────────────────────────────────────────────────────────────────────────────────────────────────────────────────────────────╮
  │ Invalid value for '-i' / '--intensity': 101 is not in the range 0<=x<=100.                                                                                                                                                                │
  ╰───────────────────────────────────────────────────────────────────────────────────────────────────────────────────────────────────────────────────────────────────────────────────────────────────────────────────────────────────────────╯
output_shock_-1_2: |
  Usage: main shock [OPTIONS] SHARE_CODE
  Try 'main shock --help' for help.
  ╭─ Error ───────────────────────────────────────────────────────────────────────────────────────────────────────────────────────────────────────────────────────────────────────────────────────────────────────────────────────────────────╮
  │ Invalid value for '-d' / '--duration': -1.0 is not in the range 0<=x<=15.                                                                                                                                                                 │
  ╰───────────────────────────────────────────────────────────────────────────────────────────────────────────────────────────────────────────────────────────────────────────────────────────────────────────────────────────────────────────╯
output_shock_a_2: |
  Usage: main shock [OPTIONS] SHARE_CODE
  Try 'main shock --help' for help.
  ╭─ Error ───────────────────────────────────────────────────────────────────────────────────────────────────────────────────────────────────────────────────────────────────────────────────────────────────────────────────────────────────╮
  │ Invalid value for '-d' / '--duration': 'a' is not a valid float range.                                                                                                                                                                    │
  ╰───────────────────────────────────────────────────────────────────────────────────────────────────────────────────────────────────────────────────────────────────────────────────────────────────────────────────────────────────────────╯
output_shock_16_2: |
  Usage: main shock [OPTIONS] SHARE_CODE
  Try 'main shock --help' for help.
  ╭─ Error ───────────────────────────────────────────────────────────────────────────────────────────────────────────────────────────────────────────────────────────────────────────────────────────────────────────────────────────────────╮
  │ Invalid value for '-d' / '--duration': 16.0 is not in the range 0<=x<=15.                                                                                                                                                                 │
  ╰───────────────────────────────────────────────────────────────────────────────────────────────────────────────────────────────────────────────────────────────────────────────────────────────────────────────────────────────────────────╯
output_shock_0.05_2: |
  Error: float duration needs to be between 0.1 and 1.5, not 0.05 (ValueError)
output_shock_1_-1: |
  Usage: main shock [OPTIONS] SHARE_CODE
  Try 'main shock --help' for help.
  ╭─ Error ───────────────────────────────────────────────────────────────────────────────────────────────────────────────────────────────────────────────────────────────────────────────────────────────────────────────────────────────────╮
  │ Invalid value for '-i' / '--intensity': -1 is not in the range 0<=x<=100.                                                                                                                                                                 │
  ╰───────────────────────────────────────────────────────────────────────────────────────────────────────────────────────────────────────────────────────────────────────────────────────────────────────────────────────────────────────────╯
output_shock_1_101: |
  Usage: main shock [OPTIONS] SHARE_CODE
  Try 'main shock --help' for help.
  ╭─ Error ───────────────────────────────────────────────────────────────────────────────────────────────────────────────────────────────────────────────────────────────────────────────────────────────────────────────────────────────────╮
  │ Invalid value for '-i' / '--intensity': 101 is not in the range 0<=x<=100.                                                                                                                                                                │
  ╰───────────────────────────────────────────────────────────────────────────────────────────────────────────────────────────────────────────────────────────────────────────────────────────────────────────────────────────────────────────╯
output_beep_-1_None: |
  Usage: main beep [OPTIONS] SHARE_CODE
  Try 'main beep --help' for help.
  ╭─ Error ───────────────────────────────────────────────────────────────────────────────────────────────────────────────────────────────────────────────────────────────────────────────────────────────────────────────────────────────────╮
  │ Invalid value for '-d' / '--duration': -1.0 is not in the range 0<=x<=15.                                                                                                                                                                 │
  ╰───────────────────────────────────────────────────────────────────────────────────────────────────────────────────────────────────────────────────────────────────────────────────────────────────────────────────────────────────────────╯
output_beep_a_None: |
  Usage: main beep [OPTIONS] SHARE_CODE
  Try 'main beep --help' for help.
  ╭─ Error ───────────────────────────────────────────────────────────────────────────────────────────────────────────────────────────────────────────────────────────────────────────────────────────────────────────────────────────────────╮
  │ Invalid value for '-d' / '--duration': 'a' is not a valid float range.                                                                                                                                                                    │
  ╰───────────────────────────────────────────────────────────────────────────────────────────────────────────────────────────────────────────────────────────────────────────────────────────────────────────────────────────────────────────╯
output_beep_16_None: |
  Usage: main beep [OPTIONS] SHARE_CODE
  Try 'main beep --help' for help.
  ╭─ Error ───────────────────────────────────────────────────────────────────────────────────────────────────────────────────────────────────────────────────────────────────────────────────────────────────────────────────────────────────╮
  │ Invalid value for '-d' / '--duration': 16.0 is not in the range 0<=x<=15.                                                                                                                                                                 │
  ╰───────────────────────────────────────────────────────────────────────────────────────────────────────────────────────────────────────────────────────────────────────────────────────────────────────────────────────────────────────────╯
output_beep_0.05_None: |
  Error: float duration needs to be between 0.1 and 1.5, not 0.05 (ValueError)
output_beep_1_2: |
  Usage: main beep [OPTIONS] SHARE_CODE
  Try 'main beep --help' for help.
  ╭─ Error ───────────────────────────────────────────────────────────────────────────────────────────────────────────────────────────────────────────────────────────────────────────────────────────────────────────────────────────────────╮
  │ No such option: -i                                                                                                                                                                                                                        │
  ╰───────────────────────────────────────────────────────────────────────────────────────────────────────────────────────────────────────────────────────────────────────────────────────────────────────────────────────────────────────────╯
output_vibrate_1_10.5: |
  Usage: main vibrate [OPTIONS] SHARE_CODE
  Try 'main vibrate --help' for help.
  ╭─ Error ───────────────────────────────────────────────────────────────────────────────────────────────────────────────────────────────────────────────────────────────────────────────────────────────────────────────────────────────────╮
  │ Invalid value for '-i' / '--intensity': '10.5' is not a valid integer range.                                                                                                                                                              │
  ╰───────────────────────────────────────────────────────────────────────────────────────────────────────────────────────────────────────────────────────────────────────────────────────────────────────────────────────────────────────────╯
output_shock_1_10.5: |
  Usage: main shock [OPTIONS] SHARE_CODE
  Try 'main shock --help' for help.
  ╭─ Error ───────────────────────────────────────────────────────────────────────────────────────────────────────────────────────────────────────────────────────────────────────────────────────────────────────────────────────────────────╮
  │ Invalid value for '-i' / '--intensity': '10.5' is not a valid integer range.                                                                                                                                                              │
  ╰───────────────────────────────────────────────────────────────────────────────────────────────────────────────────────────────────────────────────────────────────────────────────────────────────────────────────────────────────────────╯
