output: |
  Error: Share code 62142069ABX is not valid.
