output: |
  âœ…  test1  62142069AB1
  ğŸ”—  test2  62142069AA2
  ğŸ”—  test3  62142069AA3
