output: |
  ✅  test4  62142069AA4
output_force: |
  ✅  test4  62142069AA4
