output: |
  Error: Share code tset1 not in valid share code format and not found in saved codes.
  Did you mean test1?
