output_with_codes: |
  Error: Share code tset1 not in valid share code format and not found in saved 
  codes.
  Did you mean test1?
output_no_codes: |
  Error: Share code tset1 not in valid share code format and not found in saved 
  codes.
