output: |
  Gathering info... ━━━━━━━━━━━━━━━━━━━━━━━━━━━━━━━━━━━━━━━━ 100% 0:00:00
  ┏━━━━━━━┳━━━━━━━━━━━━━┳━━━━━━━━━━━━━━━━━━━━━━━━━━┳━━━━━━━━━━━━┳━━━━━━━━━━━━┳━━━━━━━━━━━━━━━━━┳━━━━━━━━━━━━━━━┳━━━━━━━━━━━━━━┓
  ┃ Name  ┃ Share code  ┃ Shocker Name             ┃ PiShock ID ┃ Shocker ID ┃ Online / Paused ┃ Max intensity ┃ Max duration ┃
  ┡━━━━━━━╇━━━━━━━━━━━━━╇━━━━━━━━━━━━━━━━━━━━━━━━━━╇━━━━━━━━━━━━╇━━━━━━━━━━━━╇━━━━━━━━━━━━━━━━━╇━━━━━━━━━━━━━━━╇━━━━━━━━━━━━━━┩
  │ test1 │ 62142069AA1 │ test shocker             │ 1000       │ 1001       │ ✅ ▶            │ 100%          │ 15s          │
  │ test2 │ 62142069AA2 │ This code doesn't exist. │            │            │                 │               │              │
  │ test3 │ 62142069AA3 │ test shocker             │ 1000       │ 1001       │ ✅ ▶            │ 100%          │ 15s          │
  └───────┴─────────────┴──────────────────────────┴────────────┴────────────┴─────────────────┴───────────────┴──────────────┘
