output: |
  Warning: Credentials are invalid. Skipping info.

  ğŸ”—  test1  62142069AA1
  ğŸ”—  test2  62142069AA2
  ğŸ”—  test3  62142069AA3
