output: |
  🔗  test1  62142069AA1
  🔗  test2  62142069AA2
  🔗  test3  62142069AA3
output_empty: |
  No share codes saved.
output_info_not_authorized: |
  Warning: Credentials are invalid. Skipping info.

  🔗  test1  62142069AA1
  🔗  test2  62142069AA2
  🔗  test3  62142069AA3
output_info: |
  Gathering info... ━━━━━━━━━━━━━━━━━━━━━━━━━━━━━━━━━━━━━━━━ 100% 0:00:00
  ┏━━━━━━━┳━━━━━━━━━┳━━━━━━━━━┳━━━━━━━━━┳━━━━━━━━━┳━━━━━━━━━┳━━━━━━━━━━┳━━━━━━━━━┓
  ┃       ┃         ┃         ┃         ┃         ┃ Online  ┃          ┃         ┃
  ┃       ┃ Share   ┃ Shocker ┃ PiShock ┃ Shocker ┃ /       ┃ Max      ┃ Max     ┃
  ┃ Name  ┃ code    ┃ Name    ┃ ID      ┃ ID      ┃ Paused  ┃ intensi… ┃ durati… ┃
  ┡━━━━━━━╇━━━━━━━━━╇━━━━━━━━━╇━━━━━━━━━╇━━━━━━━━━╇━━━━━━━━━╇━━━━━━━━━━╇━━━━━━━━━┩
  │ test1 │ 621420… │ test    │ 1000    │ 1001    │ ✅ ▶    │ 100%     │ 15s     │
  │       │         │ shocker │         │         │         │          │         │
  │ test2 │ 621420… │ This    │         │         │         │          │         │
  │       │         │ code    │         │         │         │          │         │
  │       │         │ doesn't │         │         │         │          │         │
  │       │         │ exist.  │         │         │         │          │         │
  │ test3 │ 621420… │ test    │ 1000    │ 1001    │ ✅ ▶    │ 100%     │ 15s     │
  │       │         │ shocker │         │         │         │          │         │
  └───────┴─────────┴─────────┴─────────┴─────────┴─────────┴──────────┴─────────┘
