output: |
  Name test1 already exists (62142069AA1). Overwrite? [y/n]: 
  Aborted.
