output: |
  ğŸ”—  test2  62142069AA2
  âœ…  test3  62142069AA1
