output: |
  Error: New name is the same as the old name.
