output: |
  ğŸ”—  test2  62142069AA2
  ğŸ”—  test3  62142069AA3
  âœ…  test4  62142069AA1
